// Jest Snapshot v1, https://goo.gl/fbAQLP

exports[`ParseLine should parse a line of data 1`] = `
Object {
  "accessType": "RX",
  "applNo": 207589,
  "applType": "ORIGINAL",
  "applicant": "LEO PHARMA AS",
  "applicantFullName": "LEO PHARMA AS",
  "approvalDate": 2015-10-15T21:00:00.000Z,
  "dosageForm": "AEROSOL, FOAM",
  "ingredients": Array [
    "BETAMETHASONE DIPROPIONATE",
    "CALCIPOTRIENE",
  ],
  "productNo": 1,
  "rld": true,
  "route": "TOPICAL",
  "rs": true,
  "strength": Array [
    "0.064%",
    "0.005%",
  ],
  "teCode": "",
  "tradeName": "ENSTILAR",
}
`;
